Archive member included to satisfy reference by file (symbol)

C:/ST/STM32CubeIDE_1.14.0/STM32CubeIDE/plugins/com.st.stm32cube.ide.mcu.externaltools.gnu-tools-for-stm32.11.3.rel1.win32_1.1.100.202309141235/tools/bin/../lib/gcc/arm-none-eabi/11.3.1/../../../../arm-none-eabi/lib/thumb/v6-m/nofp\libc_nano.a(libc_a-exit.o)
                              C:/ST/STM32CubeIDE_1.14.0/STM32CubeIDE/plugins/com.st.stm32cube.ide.mcu.externaltools.gnu-tools-for-stm32.11.3.rel1.win32_1.1.100.202309141235/tools/bin/../lib/gcc/arm-none-eabi/11.3.1/../../../../arm-none-eabi/lib/thumb/v6-m/nofp/crt0.o (exit)
C:/ST/STM32CubeIDE_1.14.0/STM32CubeIDE/plugins/com.st.stm32cube.ide.mcu.externaltools.gnu-tools-for-stm32.11.3.rel1.win32_1.1.100.202309141235/tools/bin/../lib/gcc/arm-none-eabi/11.3.1/../../../../arm-none-eabi/lib/thumb/v6-m/nofp\libc_nano.a(libc_a-findfp.o)
                              C:/ST/STM32CubeIDE_1.14.0/STM32CubeIDE/plugins/com.st.stm32cube.ide.mcu.externaltools.gnu-tools-for-stm32.11.3.rel1.win32_1.1.100.202309141235/tools/bin/../lib/gcc/arm-none-eabi/11.3.1/../../../../arm-none-eabi/lib/thumb/v6-m/nofp\libc_nano.a(libc_a-exit.o) (__stdio_exit_handler)
C:/ST/STM32CubeIDE_1.14.0/STM32CubeIDE/plugins/com.st.stm32cube.ide.mcu.externaltools.gnu-tools-for-stm32.11.3.rel1.win32_1.1.100.202309141235/tools/bin/../lib/gcc/arm-none-eabi/11.3.1/../../../../arm-none-eabi/lib/thumb/v6-m/nofp\libc_nano.a(libc_a-fwalk.o)
                              C:/ST/STM32CubeIDE_1.14.0/STM32CubeIDE/plugins/com.st.stm32cube.ide.mcu.externaltools.gnu-tools-for-stm32.11.3.rel1.win32_1.1.100.202309141235/tools/bin/../lib/gcc/arm-none-eabi/11.3.1/../../../../arm-none-eabi/lib/thumb/v6-m/nofp\libc_nano.a(libc_a-findfp.o) (_fwalk_sglue)
C:/ST/STM32CubeIDE_1.14.0/STM32CubeIDE/plugins/com.st.stm32cube.ide.mcu.externaltools.gnu-tools-for-stm32.11.3.rel1.win32_1.1.100.202309141235/tools/bin/../lib/gcc/arm-none-eabi/11.3.1/../../../../arm-none-eabi/lib/thumb/v6-m/nofp\libc_nano.a(libc_a-stdio.o)
                              C:/ST/STM32CubeIDE_1.14.0/STM32CubeIDE/plugins/com.st.stm32cube.ide.mcu.externaltools.gnu-tools-for-stm32.11.3.rel1.win32_1.1.100.202309141235/tools/bin/../lib/gcc/arm-none-eabi/11.3.1/../../../../arm-none-eabi/lib/thumb/v6-m/nofp\libc_nano.a(libc_a-findfp.o) (__sread)
C:/ST/STM32CubeIDE_1.14.0/STM32CubeIDE/plugins/com.st.stm32cube.ide.mcu.externaltools.gnu-tools-for-stm32.11.3.rel1.win32_1.1.100.202309141235/tools/bin/../lib/gcc/arm-none-eabi/11.3.1/../../../../arm-none-eabi/lib/thumb/v6-m/nofp\libc_nano.a(libc_a-memset.o)
                              C:/ST/STM32CubeIDE_1.14.0/STM32CubeIDE/plugins/com.st.stm32cube.ide.mcu.externaltools.gnu-tools-for-stm32.11.3.rel1.win32_1.1.100.202309141235/tools/bin/../lib/gcc/arm-none-eabi/11.3.1/../../../../arm-none-eabi/lib/thumb/v6-m/nofp/crt0.o (memset)
C:/ST/STM32CubeIDE_1.14.0/STM32CubeIDE/plugins/com.st.stm32cube.ide.mcu.externaltools.gnu-tools-for-stm32.11.3.rel1.win32_1.1.100.202309141235/tools/bin/../lib/gcc/arm-none-eabi/11.3.1/../../../../arm-none-eabi/lib/thumb/v6-m/nofp\libc_nano.a(libc_a-closer.o)
                              C:/ST/STM32CubeIDE_1.14.0/STM32CubeIDE/plugins/com.st.stm32cube.ide.mcu.externaltools.gnu-tools-for-stm32.11.3.rel1.win32_1.1.100.202309141235/tools/bin/../lib/gcc/arm-none-eabi/11.3.1/../../../../arm-none-eabi/lib/thumb/v6-m/nofp\libc_nano.a(libc_a-stdio.o) (_close_r)
C:/ST/STM32CubeIDE_1.14.0/STM32CubeIDE/plugins/com.st.stm32cube.ide.mcu.externaltools.gnu-tools-for-stm32.11.3.rel1.win32_1.1.100.202309141235/tools/bin/../lib/gcc/arm-none-eabi/11.3.1/../../../../arm-none-eabi/lib/thumb/v6-m/nofp\libc_nano.a(libc_a-reent.o)
                              C:/ST/STM32CubeIDE_1.14.0/STM32CubeIDE/plugins/com.st.stm32cube.ide.mcu.externaltools.gnu-tools-for-stm32.11.3.rel1.win32_1.1.100.202309141235/tools/bin/../lib/gcc/arm-none-eabi/11.3.1/../../../../arm-none-eabi/lib/thumb/v6-m/nofp\libc_nano.a(libc_a-closer.o) (errno)
C:/ST/STM32CubeIDE_1.14.0/STM32CubeIDE/plugins/com.st.stm32cube.ide.mcu.externaltools.gnu-tools-for-stm32.11.3.rel1.win32_1.1.100.202309141235/tools/bin/../lib/gcc/arm-none-eabi/11.3.1/../../../../arm-none-eabi/lib/thumb/v6-m/nofp\libc_nano.a(libc_a-impure.o)
                              C:/ST/STM32CubeIDE_1.14.0/STM32CubeIDE/plugins/com.st.stm32cube.ide.mcu.externaltools.gnu-tools-for-stm32.11.3.rel1.win32_1.1.100.202309141235/tools/bin/../lib/gcc/arm-none-eabi/11.3.1/../../../../arm-none-eabi/lib/thumb/v6-m/nofp\libc_nano.a(libc_a-reent.o) (_impure_ptr)
C:/ST/STM32CubeIDE_1.14.0/STM32CubeIDE/plugins/com.st.stm32cube.ide.mcu.externaltools.gnu-tools-for-stm32.11.3.rel1.win32_1.1.100.202309141235/tools/bin/../lib/gcc/arm-none-eabi/11.3.1/../../../../arm-none-eabi/lib/thumb/v6-m/nofp\libc_nano.a(libc_a-lseekr.o)
[...]
Memory Configuration

Name             Origin             Length             Attributes
RAM              0x0000000020000000 0x0000000000000800 xrw
FLASH            0x0000000008000000 0x0000000000004000 xr
*default*        0x0000000000000000 0xffffffffffffffff

Linker script and memory map

LOAD C:/ST/STM32CubeIDE_1.14.0/STM32CubeIDE/plugins/com.st.stm32cube.ide.mcu.externaltools.gnu-tools-for-stm32.11.3.rel1.win32_1.1.100.202309141235/tools/bin/../lib/gcc/arm-none-eabi/11.3.1/thumb/v6-m/nofp/crti.o
LOAD C:/ST/STM32CubeIDE_1.14.0/STM32CubeIDE/plugins/com.st.stm32cube.ide.mcu.externaltools.gnu-tools-for-stm32.11.3.rel1.win32_1.1.100.202309141235/tools/bin/../lib/gcc/arm-none-eabi/11.3.1/thumb/v6-m/nofp/crtbegin.o
LOAD C:/ST/STM32CubeIDE_1.14.0/STM32CubeIDE/plugins/com.st.stm32cube.ide.mcu.externaltools.gnu-tools-for-stm32.11.3.rel1.win32_1.1.100.202309141235/tools/bin/../lib/gcc/arm-none-eabi/11.3.1/../../../../arm-none-eabi/lib/thumb/v6-m/nofp/crt0.o
LOAD ./Core/Src/adc.o
LOAD ./Core/Src/gpio.o
LOAD ./Core/Src/i2c.o
LOAD ./Core/Src/lptim.o
LOAD ./Core/Src/main.o
LOAD ./Core/Src/stm32l0xx_hal_msp.o
LOAD ./Core/Src/stm32l0xx_it.o
LOAD ./Core/Src/syscalls.o
LOAD ./Core/Src/sysmem.o
LOAD ./Core/Src/system_stm32l0xx.o
LOAD ./Core/Startup/startup_stm32l011d4px.o
LOAD ./Drivers/STM32L0xx_HAL_Driver/Src/stm32l0xx_hal.o
LOAD ./Drivers/STM32L0xx_HAL_Driver/Src/stm32l0xx_hal_adc.o
LOAD ./Drivers/STM32L0xx_HAL_Driver/Src/stm32l0xx_hal_adc_ex.o
LOAD ./Drivers/STM32L0xx_HAL_Driver/Src/stm32l0xx_hal_cortex.o
LOAD ./Drivers/STM32L0xx_HAL_Driver/Src/stm32l0xx_hal_dma.o
LOAD ./Drivers/STM32L0xx_HAL_Driver/Src/stm32l0xx_hal_exti.o
LOAD ./Drivers/STM32L0xx_HAL_Driver/Src/stm32l0xx_hal_flash.o
LOAD ./Drivers/STM32L0xx_HAL_Driver/Src/stm32l0xx_hal_flash_ex.o
LOAD ./Drivers/STM32L0xx_HAL_Driver/Src/stm32l0xx_hal_flash_ramfunc.o
LOAD ./Drivers/STM32L0xx_HAL_Driver/Src/stm32l0xx_hal_gpio.o
LOAD ./Drivers/STM32L0xx_HAL_Driver/Src/stm32l0xx_hal_i2c.o
LOAD ./Drivers/STM32L0xx_HAL_Driver/Src/stm32l0xx_hal_i2c_ex.o
LOAD ./Drivers/STM32L0xx_HAL_Driver/Src/stm32l0xx_hal_lptim.o
LOAD ./Drivers/STM32L0xx_HAL_Driver/Src/stm32l0xx_hal_pwr.o
LOAD ./Drivers/STM32L0xx_HAL_Driver/Src/stm32l0xx_hal_pwr_ex.o
LOAD ./Drivers/STM32L0xx_HAL_Driver/Src/stm32l0xx_hal_rcc.o
LOAD ./Drivers/STM32L0xx_HAL_Driver/Src/stm32l0xx_hal_rcc_ex.o
LOAD ./Drivers/STM32L0xx_HAL_Driver/Src/stm32l0xx_hal_tim.o
LOAD ./Drivers/STM32L0xx_HAL_Driver/Src/stm32l0xx_hal_tim_ex.o
LOAD ./ssd1306/ssd1306.o
LOAD ./ssd1306/ssd1306_fonts.o
START GROUP
LOAD C:/ST/STM32CubeIDE_1.14.0/STM32CubeIDE/plugins/com.st.stm32cube.ide.mcu.externaltools.gnu-tools-for-stm32.11.3.rel1.win32_1.1.100.202309141235/tools/bin/../lib/gcc/arm-none-eabi/11.3.1/../../../../arm-none-eabi/lib/thumb/v6-m/nofp\libc_nano.a
LOAD C:/ST/STM32CubeIDE_1.14.0/STM32CubeIDE/plugins/com.st.stm32cube.ide.mcu.externaltools.gnu-tools-for-stm32.11.3.rel1.win32_1.1.100.202309141235/tools/bin/../lib/gcc/arm-none-eabi/11.3.1/../../../../arm-none-eabi/lib/thumb/v6-m/nofp\libm.a
END GROUP
START GROUP
LOAD C:/ST/STM32CubeIDE_1.14.0/STM32CubeIDE/plugins/com.st.stm32cube.ide.mcu.externaltools.gnu-tools-for-stm32.11.3.rel1.win32_1.1.100.202309141235/tools/bin/../lib/gcc/arm-none-eabi/11.3.1/thumb/v6-m/nofp\libgcc.a
LOAD C:/ST/STM32CubeIDE_1.14.0/STM32CubeIDE/plugins/com.st.stm32cube.ide.mcu.externaltools.gnu-tools-for-stm32.11.3.rel1.win32_1.1.100.202309141235/tools/bin/../lib/gcc/arm-none-eabi/11.3.1/../../../../arm-none-eabi/lib/thumb/v6-m/nofp\libc_nano.a
END GROUP
START GROUP
LOAD C:/ST/STM32CubeIDE_1.14.0/STM32CubeIDE/plugins/com.st.stm32cube.ide.mcu.externaltools.gnu-tools-for-stm32.11.3.rel1.win32_1.1.100.202309141235/tools/bin/../lib/gcc/arm-none-eabi/11.3.1/thumb/v6-m/nofp\libgcc.a
LOAD C:/ST/STM32CubeIDE_1.14.0/STM32CubeIDE/plugins/com.st.stm32cube.ide.mcu.externaltools.gnu-tools-for-stm32.11.3.rel1.win32_1.1.100.202309141235/tools/bin/../lib/gcc/arm-none-eabi/11.3.1/../../../../arm-none-eabi/lib/thumb/v6-m/nofp\libc_nano.a
LOAD C:/ST/STM32CubeIDE_1.14.0/STM32CubeIDE/plugins/com.st.stm32cube.ide.mcu.externaltools.gnu-tools-for-stm32.11.3.rel1.win32_1.1.100.202309141235/tools/bin/../lib/gcc/arm-none-eabi/11.3.1/../../../../arm-none-eabi/lib/thumb/v6-m/nofp\libnosys.a
END GROUP
START GROUP
LOAD C:/ST/STM32CubeIDE_1.14.0/STM32CubeIDE/plugins/com.st.stm32cube.ide.mcu.externaltools.gnu-tools-for-stm32.11.3.rel1.win32_1.1.100.202309141235/tools/bin/../lib/gcc/arm-none-eabi/11.3.1/thumb/v6-m/nofp\libgcc.a
LOAD C:/ST/STM32CubeIDE_1.14.0/STM32CubeIDE/plugins/com.st.stm32cube.ide.mcu.externaltools.gnu-tools-for-stm32.11.3.rel1.win32_1.1.100.202309141235/tools/bin/../lib/gcc/arm-none-eabi/11.3.1/../../../../arm-none-eabi/lib/thumb/v6-m/nofp\libc_nano.a
LOAD C:/ST/STM32CubeIDE_1.14.0/STM32CubeIDE/plugins/com.st.stm32cube.ide.mcu.externaltools.gnu-tools-for-stm32.11.3.rel1.win32_1.1.100.202309141235/tools/bin/../lib/gcc/arm-none-eabi/11.3.1/../../../../arm-none-eabi/lib/thumb/v6-m/nofp\libnosys.a
END GROUP
LOAD C:/ST/STM32CubeIDE_1.14.0/STM32CubeIDE/plugins/com.st.stm32cube.ide.mcu.externaltools.gnu-tools-for-stm32.11.3.rel1.win32_1.1.100.202309141235/tools/bin/../lib/gcc/arm-none-eabi/11.3.1/thumb/v6-m/nofp/crtend.o
LOAD C:/ST/STM32CubeIDE_1.14.0/STM32CubeIDE/plugins/com.st.stm32cube.ide.mcu.externaltools.gnu-tools-for-stm32.11.3.rel1.win32_1.1.100.202309141235/tools/bin/../lib/gcc/arm-none-eabi/11.3.1/thumb/v6-m/nofp/crtn.o
                0x0000000020000800                _estack = (ORIGIN (RAM) + LENGTH (RAM))
                0x0000000000000010                _Min_Heap_Size = 0x10
                0x0000000000000100                _Min_Stack_Size = 0x100

.isr_vector     0x0000000008000000       0xc0
                0x0000000008000000                . = ALIGN (0x4)
 *(.isr_vector)
 .isr_vector    0x0000000008000000       0xc0 ./Core/Startup/startup_stm32l011d4px.o
                0x0000000008000000                g_pfnVectors
                0x00000000080000c0                . = ALIGN (0x4)

.text           0x00000000080000c0     0x4004
                0x00000000080000c0                . = ALIGN (0x4)
 *(.text)
 .text          0x00000000080000c0       0x48 C:/ST/STM32CubeIDE_1.14.0/STM32CubeIDE/plugins/com.st.stm32cube.ide.mcu.externaltools.gnu-tools-for-stm32.11.3.rel1.win32_1.1.100.202309141235/tools/bin/../lib/gcc/arm-none-eabi/11.3.1/thumb/v6-m/nofp/crtbegin.o
 .text          0x0000000008000108      0x114 C:/ST/STM32CubeIDE_1.14.0/STM32CubeIDE/plugins/com.st.stm32cube.ide.mcu.externaltools.gnu-tools-for-stm32.11.3.rel1.win32_1.1.100.202309141235/tools/bin/../lib/gcc/arm-none-eabi/11.3.1/thumb/v6-m/nofp\libgcc.a(_udivsi3.o)
                0x0000000008000108                __aeabi_uidiv
                0x0000000008000108                __udivsi3
                0x0000000008000214                __aeabi_uidivmod
 .text          0x000000000800021c      0x1d4 C:/ST/STM32CubeIDE_1.14.0/STM32CubeIDE/plugins/com.st.stm32cube.ide.mcu.externaltools.gnu-tools-for-stm32.11.3.rel1.win32_1.1.100.202309141235/tools/bin/../lib/gcc/arm-none-eabi/11.3.1/thumb/v6-m/nofp\libgcc.a(_divsi3.o)
                0x000000000800021c                __divsi3
                0x000000000800021c                __aeabi_idiv
                0x00000000080003e8                __aeabi_idivmod
 .text          0x00000000080003f0        0x4 C:/ST/STM32CubeIDE_1.14.0/STM32CubeIDE/plugins/com.st.stm32cube.ide.mcu.externaltools.gnu-tools-for-stm32.11.3.rel1.win32_1.1.100.202309141235/tools/bin/../lib/gcc/arm-none-eabi/11.3.1/thumb/v6-m/nofp\libgcc.a(_dvmd_tls.o)
                0x00000000080003f0                __aeabi_idiv0
                0x00000000080003f0                __aeabi_ldiv0
 .text          0x00000000080003f4       0x40 C:/ST/STM32CubeIDE_1.14.0/STM32CubeIDE/plugins/com.st.stm32cube.ide.mcu.externaltools.gnu-tools-for-stm32.11.3.rel1.win32_1.1.100.202309141235/tools/bin/../lib/gcc/arm-none-eabi/11.3.1/thumb/v6-m/nofp\libgcc.a(_aeabi_uldivmod.o)
                0x00000000080003f4                __aeabi_uldivmod
 .text          0x0000000008000434       0x5c C:/ST/STM32CubeIDE_1.14.0/STM32CubeIDE/plugins/com.st.stm32cube.ide.mcu.externaltools.gnu-tools-for-stm32.11.3.rel1.win32_1.1.100.202309141235/tools/bin/../lib/gcc/arm-none-eabi/11.3.1/thumb/v6-m/nofp\libgcc.a(_muldi3.o)
                0x0000000008000434                __muldi3
                0x0000000008000434                __aeabi_lmul
 .text          0x0000000008000490      0x198 C:/ST/STM32CubeIDE_1.14.0/STM32CubeIDE/plugins/com.st.stm32cube.ide.mcu.externaltools.gnu-tools-for-stm32.11.3.rel1.win32_1.1.100.202309141235/tools/bin/../lib/gcc/arm-none-eabi/11.3.1/thumb/v6-m/nofp\libgcc.a(_udivmoddi4.o)
                0x0000000008000490                __udivmoddi4
 .text          0x0000000008000628       0x3c C:/ST/STM32CubeIDE_1.14.0/STM32CubeIDE/plugins/com.st.stm32cube.ide.mcu.externaltools.gnu-tools-for-stm32.11.3.rel1.win32_1.1.100.202309141235/tools/bin/../lib/gcc/arm-none-eabi/11.3.1/thumb/v6-m/nofp\libgcc.a(_clzsi2.o)
                0x0000000008000628                __clzsi2
 .text          0x0000000008000664       0x18 C:/ST/STM32CubeIDE_1.14.0/STM32CubeIDE/plugins/com.st.stm32cube.ide.mcu.externaltools.gnu-tools-for-stm32.11.3.rel1.win32_1.1.100.202309141235/tools/bin/../lib/gcc/arm-none-eabi/11.3.1/thumb/v6-m/nofp\libgcc.a(_clzdi2.o)
                0x0000000008000664                __clzdi2
 *(.text*)
 .text.MX_ADC_Init
                0x000000000800067c       0xe8 ./Core/Src/adc.o
                0x000000000800067c                MX_ADC_Init
 .text.HAL_ADC_MspInit
                0x0000000008000764       0x78 ./Core/Src/adc.o
                0x0000000008000764                HAL_ADC_MspInit
 .text.MX_GPIO_Init
                0x00000000080007dc       0x2c ./Core/Src/gpio.o
                0x00000000080007dc                MX_GPIO_Init
 .text.MX_I2C1_Init
                0x0000000008000808       0x80 ./Core/Src/i2c.o
                0x0000000008000808                MX_I2C1_Init
 .text.HAL_I2C_MspInit
                0x0000000008000888       0x88 ./Core/Src/i2c.o
                0x0000000008000888                HAL_I2C_MspInit
 .text.MX_LPTIM1_Init
                0x0000000008000910       0x54 ./Core/Src/lptim.o
                0x0000000008000910                MX_LPTIM1_Init
 .text.HAL_LPTIM_MspInit
                0x0000000008000964       0x40 ./Core/Src/lptim.o
                0x0000000008000964                HAL_LPTIM_MspInit
 .text.GetMedium
                0x00000000080009a4       0x9e ./Core/Src/main.o
                0x00000000080009a4                GetMedium
 *fill*         0x0000000008000a42        0x2 
 .text.Get_ADC  0x0000000008000a44       0xa8 ./Core/Src/main.o
                0x0000000008000a44                Get_ADC
 .text.temp_to_str
                0x0000000008000aec       0xcc ./Core/Src/main.o
                0x0000000008000aec                temp_to_str
 .text.WriteTemp
                0x0000000008000bb8       0x6c ./Core/Src/main.o
                0x0000000008000bb8                WriteTemp
 .text.mV_to_str
                0x0000000008000c24       0x88 ./Core/Src/main.o
                0x0000000008000c24                mV_to_str
 .text.WriteVolt
                0x0000000008000cac       0x70 ./Core/Src/main.o
                0x0000000008000cac                WriteVolt
 .text.GetTemp  0x0000000008000d1c       0x34 ./Core/Src/main.o
                0x0000000008000d1c                GetTemp
 .text.Get_mV   0x0000000008000d50       0x7c ./Core/Src/main.o
                0x0000000008000d50                Get_mV
 .text.DS1621_Init
                0x0000000008000dcc       0x60 ./Core/Src/main.o
                0x0000000008000dcc                DS1621_Init
 .text.main     0x0000000008000e2c       0x7e ./Core/Src/main.o
                0x0000000008000e2c                main
 *fill*         0x0000000008000eaa        0x2 
 .text.SystemClock_Config
                0x0000000008000eac       0xec ./Core/Src/main.o
                0x0000000008000eac                SystemClock_Config
 .text.Error_Handler
                0x0000000008000f98        0xa ./Core/Src/main.o
                0x0000000008000f98                Error_Handler
 *fill*         0x0000000008000fa2        0x2 
 .text.HAL_MspInit
                0x0000000008000fa4       0x28 ./Core/Src/stm32l0xx_hal_msp.o
                0x0000000008000fa4                HAL_MspInit
 .text.NMI_Handler
                0x0000000008000fcc        0x6 ./Core/Src/stm32l0xx_it.o
                0x0000000008000fcc                NMI_Handler
 .text.HardFault_Handler
                0x0000000008000fd2        0x6 ./Core/Src/stm32l0xx_it.o
                0x0000000008000fd2                HardFault_Handler
 .text.SVC_Handler
                0x0000000008000fd8        0xa ./Core/Src/stm32l0xx_it.o
                0x0000000008000fd8                SVC_Handler
 .text.PendSV_Handler
                0x0000000008000fe2        0xa ./Core/Src/stm32l0xx_it.o
                0x0000000008000fe2                PendSV_Handler
 .text.SysTick_Handler
                0x0000000008000fec        0xe ./Core/Src/stm32l0xx_it.o
                0x0000000008000fec                SysTick_Handler
 *fill*         0x0000000008000ffa        0x2 
 .text.LPTIM1_IRQHandler
                0x0000000008000ffc       0x18 ./Core/Src/stm32l0xx_it.o
                0x0000000008000ffc                LPTIM1_IRQHandler
 .text.SystemInit
                0x0000000008001014        0xa ./Core/Src/system_stm32l0xx.o
                0x0000000008001014                SystemInit
 *fill*         0x000000000800101e        0x2 
 .text.Reset_Handler
                0x0000000008001020       0x80 ./Core/Startup/startup_stm32l011d4px.o
                0x0000000008001020                Reset_Handler
 .text.Default_Handler
                0x00000000080010a0        0x2 ./Core/Startup/startup_stm32l011d4px.o
                0x00000000080010a0                ADC1_COMP_IRQHandler
                0x00000000080010a0                PVD_IRQHandler
                0x00000000080010a0                I2C1_IRQHandler
                0x00000000080010a0                SPI1_IRQHandler
                0x00000000080010a0                EXTI2_3_IRQHandler
                0x00000000080010a0                RTC_IRQHandler
                0x00000000080010a0                EXTI4_15_IRQHandler
                0x00000000080010a0                RCC_IRQHandler
                0x00000000080010a0                DMA1_Channel1_IRQHandler
                0x00000000080010a0                Default_Handler
                0x00000000080010a0                DMA1_Channel4_5_IRQHandler
                0x00000000080010a0                EXTI0_1_IRQHandler
                0x00000000080010a0                TIM21_IRQHandler
                0x00000000080010a0                WWDG_IRQHandler
                0x00000000080010a0                LPUART1_IRQHandler
                0x00000000080010a0                TIM2_IRQHandler
                0x00000000080010a0                DMA1_Channel2_3_IRQHandler
                0x00000000080010a0                USART2_IRQHandler
                0x00000000080010a0                FLASH_IRQHandler
 *fill*         0x00000000080010a2        0x2 
 .text.HAL_Init
                0x00000000080010a4       0x40 ./Drivers/STM32L0xx_HAL_Driver/Src/stm32l0xx_hal.o
                0x00000000080010a4                HAL_Init
 .text.HAL_InitTick
                0x00000000080010e4       0x68 ./Drivers/STM32L0xx_HAL_Driver/Src/stm32l0xx_hal.o
                0x00000000080010e4                HAL_InitTick
 .text.HAL_IncTick
                0x000000000800114c       0x24 ./Drivers/STM32L0xx_HAL_Driver/Src/stm32l0xx_hal.o
                0x000000000800114c                HAL_IncTick
 .text.HAL_GetTick
                0x0000000008001170       0x14 ./Drivers/STM32L0xx_HAL_Driver/Src/stm32l0xx_hal.o
                0x0000000008001170                HAL_GetTick
 .text.HAL_Delay
                0x0000000008001184       0x48 ./Drivers/STM32L0xx_HAL_Driver/Src/stm32l0xx_hal.o
                0x0000000008001184                HAL_Delay
 .text.HAL_ADC_Init
                0x00000000080011cc      0x2e8 ./Drivers/STM32L0xx_HAL_Driver/Src/stm32l0xx_hal_adc.o
                0x00000000080011cc                HAL_ADC_Init
 .text.HAL_ADC_Start
                0x00000000080014b4       0xa8 ./Drivers/STM32L0xx_HAL_Driver/Src/stm32l0xx_hal_adc.o
                0x00000000080014b4                HAL_ADC_Start
 .text.HAL_ADC_PollForConversion
                0x000000000800155c      0x138 ./Drivers/STM32L0xx_HAL_Driver/Src/stm32l0xx_hal_adc.o
                0x000000000800155c                HAL_ADC_PollForConversion
 .text.HAL_ADC_GetValue
                0x0000000008001694       0x16 ./Drivers/STM32L0xx_HAL_Driver/Src/stm32l0xx_hal_adc.o
                0x0000000008001694                HAL_ADC_GetValue
 *fill*         0x00000000080016aa        0x2 
 .text.HAL_ADC_ConfigChannel
                0x00000000080016ac      0x10c ./Drivers/STM32L0xx_HAL_Driver/Src/stm32l0xx_hal_adc.o
                0x00000000080016ac                HAL_ADC_ConfigChannel
 .text.ADC_Enable
                0x00000000080017b8       0xd0 ./Drivers/STM32L0xx_HAL_Driver/Src/stm32l0xx_hal_adc.o
 .text.ADC_DelayMicroSecond
                0x0000000008001888       0x40 ./Drivers/STM32L0xx_HAL_Driver/Src/stm32l0xx_hal_adc.o
 .text.__NVIC_EnableIRQ
                0x00000000080018c8       0x34 ./Drivers/STM32L0xx_HAL_Driver/Src/stm32l0xx_hal_cortex.o
 .text.__NVIC_SetPriority
                0x00000000080018fc       0xdc ./Drivers/STM32L0xx_HAL_Driver/Src/stm32l0xx_hal_cortex.o
 .text.SysTick_Config
                0x00000000080019d8       0x48 ./Drivers/STM32L0xx_HAL_Driver/Src/stm32l0xx_hal_cortex.o
 .text.HAL_NVIC_SetPriority
                0x0000000008001a20       0x2a ./Drivers/STM32L0xx_HAL_Driver/Src/stm32l0xx_hal_cortex.o
                0x0000000008001a20                HAL_NVIC_SetPriority
 .text.HAL_NVIC_EnableIRQ
                0x0000000008001a4a       0x20 ./Drivers/STM32L0xx_HAL_Driver/Src/stm32l0xx_hal_cortex.o
                0x0000000008001a4a                HAL_NVIC_EnableIRQ
 .text.HAL_SYSTICK_Config
                0x0000000008001a6a       0x1a ./Drivers/STM32L0xx_HAL_Driver/Src/stm32l0xx_hal_cortex.o
                0x0000000008001a6a                HAL_SYSTICK_Config
 .text.HAL_GPIO_Init
                0x0000000008001a84      0x2cc ./Drivers/STM32L0xx_HAL_Driver/Src/stm32l0xx_hal_gpio.o
                0x0000000008001a84                HAL_GPIO_Init
 .text.HAL_I2C_Init
                0x0000000008001d50      0x12c ./Drivers/STM32L0xx_HAL_Driver/Src/stm32l0xx_hal_i2c.o
                0x0000000008001d50                HAL_I2C_Init
 .text.HAL_I2C_Master_Transmit
                0x0000000008001e7c      0x210 ./Drivers/STM32L0xx_HAL_Driver/Src/stm32l0xx_hal_i2c.o
                0x0000000008001e7c                HAL_I2C_Master_Transmit
 .text.HAL_I2C_Mem_Write
                0x000000000800208c      0x25c ./Drivers/STM32L0xx_HAL_Driver/Src/stm32l0xx_hal_i2c.o
                0x000000000800208c                HAL_I2C_Mem_Write
 .text.HAL_I2C_Mem_Read
                0x00000000080022e8      0x268 ./Drivers/STM32L0xx_HAL_Driver/Src/stm32l0xx_hal_i2c.o
                0x00000000080022e8                HAL_I2C_Mem_Read
 .text.I2C_RequestMemoryWrite
                0x0000000008002550       0xc8 ./Drivers/STM32L0xx_HAL_Driver/Src/stm32l0xx_hal_i2c.o
 .text.I2C_RequestMemoryRead
                0x0000000008002618       0xc4 ./Drivers/STM32L0xx_HAL_Driver/Src/stm32l0xx_hal_i2c.o
 .text.I2C_Flush_TXDR
                0x00000000080026dc       0x44 ./Drivers/STM32L0xx_HAL_Driver/Src/stm32l0xx_hal_i2c.o
 .text.I2C_WaitOnFlagUntilTimeout
                0x0000000008002720       0x7e ./Drivers/STM32L0xx_HAL_Driver/Src/stm32l0xx_hal_i2c.o
 .text.I2C_WaitOnTXISFlagUntilTimeout
                0x000000000800279e       0x7e ./Drivers/STM32L0xx_HAL_Driver/Src/stm32l0xx_hal_i2c.o
 .text.I2C_WaitOnSTOPFlagUntilTimeout
                0x000000000800281c       0x78 ./Drivers/STM32L0xx_HAL_Driver/Src/stm32l0xx_hal_i2c.o
 .text.I2C_IsAcknowledgeFailed
                0x0000000008002894       0xf4 ./Drivers/STM32L0xx_HAL_Driver/Src/stm32l0xx_hal_i2c.o
 .text.I2C_TransferConfig
                0x0000000008002988       0x6c ./Drivers/STM32L0xx_HAL_Driver/Src/stm32l0xx_hal_i2c.o
 .text.HAL_I2CEx_ConfigAnalogFilter
                0x00000000080029f4       0x98 ./Drivers/STM32L0xx_HAL_Driver/Src/stm32l0xx_hal_i2c_ex.o
                0x00000000080029f4                HAL_I2CEx_ConfigAnalogFilter
 .text.HAL_I2CEx_ConfigDigitalFilter
                0x0000000008002a8c       0x98 ./Drivers/STM32L0xx_HAL_Driver/Src/stm32l0xx_hal_i2c_ex.o
                0x0000000008002a8c                HAL_I2CEx_ConfigDigitalFilter
 .text.HAL_LPTIM_Init
                0x0000000008002b24      0x118 ./Drivers/STM32L0xx_HAL_Driver/Src/stm32l0xx_hal_lptim.o
                0x0000000008002b24                HAL_LPTIM_Init
 .text.HAL_LPTIM_IRQHandler
                0x0000000008002c3c      0x144 ./Drivers/STM32L0xx_HAL_Driver/Src/stm32l0xx_hal_lptim.o
                0x0000000008002c3c                HAL_LPTIM_IRQHandler
 .text.HAL_LPTIM_CompareMatchCallback
                0x0000000008002d80       0x10 ./Drivers/STM32L0xx_HAL_Driver/Src/stm32l0xx_hal_lptim.o
                0x0000000008002d80                HAL_LPTIM_CompareMatchCallback
 .text.HAL_LPTIM_AutoReloadMatchCallback
                0x0000000008002d90       0x10 ./Drivers/STM32L0xx_HAL_Driver/Src/stm32l0xx_hal_lptim.o
                0x0000000008002d90                HAL_LPTIM_AutoReloadMatchCallback
 .text.HAL_LPTIM_TriggerCallback
                0x0000000008002da0       0x10 ./Drivers/STM32L0xx_HAL_Driver/Src/stm32l0xx_hal_lptim.o
                0x0000000008002da0                HAL_LPTIM_TriggerCallback
 .text.HAL_LPTIM_CompareWriteCallback
                0x0000000008002db0       0x10 ./Drivers/STM32L0xx_HAL_Driver/Src/stm32l0xx_hal_lptim.o
                0x0000000008002db0                HAL_LPTIM_CompareWriteCallback
 .text.HAL_LPTIM_AutoReloadWriteCallback
                0x0000000008002dc0       0x10 ./Drivers/STM32L0xx_HAL_Driver/Src/stm32l0xx_hal_lptim.o
                0x0000000008002dc0                HAL_LPTIM_AutoReloadWriteCallback
 .text.HAL_LPTIM_DirectionUpCallback
                0x0000000008002dd0       0x10 ./Drivers/STM32L0xx_HAL_Driver/Src/stm32l0xx_hal_lptim.o
                0x0000000008002dd0                HAL_LPTIM_DirectionUpCallback
 .text.HAL_LPTIM_DirectionDownCallback
                0x0000000008002de0       0x10 ./Drivers/STM32L0xx_HAL_Driver/Src/stm32l0xx_hal_lptim.o
                0x0000000008002de0                HAL_LPTIM_DirectionDownCallback
 .text.HAL_RCC_OscConfig
                0x0000000008002df0      0x6f8 ./Drivers/STM32L0xx_HAL_Driver/Src/stm32l0xx_hal_rcc.o
                0x0000000008002df0                HAL_RCC_OscConfig
 .text.HAL_RCC_ClockConfig
                0x00000000080034e8      0x290 ./Drivers/STM32L0xx_HAL_Driver/Src/stm32l0xx_hal_rcc.o
                0x00000000080034e8                HAL_RCC_ClockConfig
 .text.HAL_RCC_GetSysClockFreq
                0x0000000008003778      0x14c ./Drivers/STM32L0xx_HAL_Driver/Src/stm32l0xx_hal_rcc.o
                0x0000000008003778                HAL_RCC_GetSysClockFreq
 .text.HAL_RCCEx_PeriphCLKConfig
                0x00000000080038c4      0x24c ./Drivers/STM32L0xx_HAL_Driver/Src/stm32l0xx_hal_rcc_ex.o
                0x00000000080038c4                HAL_RCCEx_PeriphCLKConfig
 .text.ssd1306_Reset
                0x0000000008003b10        0xa ./ssd1306/ssd1306.o
                0x0000000008003b10                ssd1306_Reset
 *fill*         0x0000000008003b1a        0x2 
 .text.ssd1306_WriteCommand
                0x0000000008003b1c       0x34 ./ssd1306/ssd1306.o
                0x0000000008003b1c                ssd1306_WriteCommand
 .text.ssd1306_WriteData
                0x0000000008003b50       0x34 ./ssd1306/ssd1306.o
                0x0000000008003b50                ssd1306_WriteData
 .text.ssd1306_Init
                0x0000000008003b84       0xd8 ./ssd1306/ssd1306.o
                0x0000000008003b84                ssd1306_Init
 .text.ssd1306_Fill
                0x0000000008003c5c       0x34 ./ssd1306/ssd1306.o
                0x0000000008003c5c                ssd1306_Fill
 .text.ssd1306_UpdateScreen
                0x0000000008003c90       0x5c ./ssd1306/ssd1306.o
                0x0000000008003c90                ssd1306_UpdateScreen
 .text.ssd1306_DrawPixel
                0x0000000008003cec       0xc4 ./ssd1306/ssd1306.o
                0x0000000008003cec                ssd1306_DrawPixel
 .text.GetProportion
                0x0000000008003db0       0x4c ./ssd1306/ssd1306.o
                0x0000000008003db0                GetProportion
 .text.myChar   0x0000000008003dfc      0x1a8 ./ssd1306/ssd1306.o
                0x0000000008003dfc                myChar
 .text.ssd1306_SetCursor
                0x0000000008003fa4       0x34 ./ssd1306/ssd1306.o
                0x0000000008003fa4                ssd1306_SetCursor
 .text.ssd1306_SetContrast
                0x0000000008003fd8       0x30 ./ssd1306/ssd1306.o
                0x0000000008003fd8                ssd1306_SetContrast
 .text.ssd1306_SetDisplayOn
                0x0000000008004008       0x4c ./ssd1306/ssd1306.o
                0x0000000008004008                ssd1306_SetDisplayOn
 .text.memset   0x0000000008004054       0x10 C:/ST/STM32CubeIDE_1.14.0/STM32CubeIDE/plugins/com.st.stm32cube.ide.mcu.externaltools.gnu-tools-for-stm32.11.3.rel1.win32_1.1.100.202309141235/tools/bin/../lib/gcc/arm-none-eabi/11.3.1/../../../../arm-none-eabi/lib/thumb/v6-m/nofp\libc_nano.a(libc_a-memset.o)
                0x0000000008004054                memset
 .text.__libc_init_array
                0x0000000008004064       0x48 C:/ST/STM32CubeIDE_1.14.0/STM32CubeIDE/plugins/com.st.stm32cube.ide.mcu.externaltools.gnu-tools-for-stm32.11.3.rel1.win32_1.1.100.202309141235/tools/bin/../lib/gcc/arm-none-eabi/11.3.1/../../../../arm-none-eabi/lib/thumb/v6-m/nofp\libc_nano.a(libc_a-init.o)
                0x0000000008004064                __libc_init_array
 *(.glue_7)
 .glue_7        0x00000000080040ac        0x0 linker stubs
 *(.glue_7t)
 .glue_7t       0x00000000080040ac        0x0 linker stubs
 *(.eh_frame)
 .eh_frame      0x00000000080040ac        0x0 C:/ST/STM32CubeIDE_1.14.0/STM32CubeIDE/plugins/com.st.stm32cube.ide.mcu.externaltools.gnu-tools-for-stm32.11.3.rel1.win32_1.1.100.202309141235/tools/bin/../lib/gcc/arm-none-eabi/11.3.1/thumb/v6-m/nofp/crtbegin.o
 *(.init)
 .init          0x00000000080040ac        0x4 C:/ST/STM32CubeIDE_1.14.0/STM32CubeIDE/plugins/com.st.stm32cube.ide.mcu.externaltools.gnu-tools-for-stm32.11.3.rel1.win32_1.1.100.202309141235/tools/bin/../lib/gcc/arm-none-eabi/11.3.1/thumb/v6-m/nofp/crti.o
                0x00000000080040ac                _init
 .init          0x00000000080040b0        0x8 C:/ST/STM32CubeIDE_1.14.0/STM32CubeIDE/plugins/com.st.stm32cube.ide.mcu.externaltools.gnu-tools-for-stm32.11.3.rel1.win32_1.1.100.202309141235/tools/bin/../lib/gcc/arm-none-eabi/11.3.1/thumb/v6-m/nofp/crtn.o
 *(.fini)
 .fini          0x00000000080040b8        0x4 C:/ST/STM32CubeIDE_1.14.0/STM32CubeIDE/plugins/com.st.stm32cube.ide.mcu.externaltools.gnu-tools-for-stm32.11.3.rel1.win32_1.1.100.202309141235/tools/bin/../lib/gcc/arm-none-eabi/11.3.1/thumb/v6-m/nofp/crti.o
                0x00000000080040b8                _fini
 .fini          0x00000000080040bc        0x8 C:/ST/STM32CubeIDE_1.14.0/STM32CubeIDE/plugins/com.st.stm32cube.ide.mcu.externaltools.gnu-tools-for-stm32.11.3.rel1.win32_1.1.100.202309141235/tools/bin/../lib/gcc/arm-none-eabi/11.3.1/thumb/v6-m/nofp/crtn.o
                0x00000000080040c4                . = ALIGN (0x4)
                0x00000000080040c4                _etext = .

.vfp11_veneer   0x00000000080040c4        0x0
 .vfp11_veneer  0x00000000080040c4        0x0 linker stubs

.v4_bx          0x00000000080040c4        0x0
 .v4_bx         0x00000000080040c4        0x0 linker stubs

.iplt           0x00000000080040c4        0x0
 .iplt          0x00000000080040c4        0x0 C:/ST/STM32CubeIDE_1.14.0/STM32CubeIDE/plugins/com.st.stm32cube.ide.mcu.externaltools.gnu-tools-for-stm32.11.3.rel1.win32_1.1.100.202309141235/tools/bin/../lib/gcc/arm-none-eabi/11.3.1/thumb/v6-m/nofp/crtbegin.o

.rodata         0x00000000080040c4      0x1a4
                0x00000000080040c4                . = ALIGN (0x4)
 *(.rodata)
 *(.rodata*)
 .rodata.AHBPrescTable
                0x00000000080040c4       0x10 ./Core/Src/system_stm32l0xx.o
                0x00000000080040c4                AHBPrescTable
 .rodata.PLLMulTable
                0x00000000080040d4        0x9 ./Core/Src/system_stm32l0xx.o
                0x00000000080040d4                PLLMulTable
 *fill*         0x00000000080040dd        0x3 
 .rodata.SmallFont
                0x00000000080040e0       0x4c ./ssd1306/ssd1306.o
                0x00000000080040e0                SmallFont
 .rodata.Medium
                0x000000000800412c      0x13c ./ssd1306/ssd1306.o
                0x000000000800412c                Medium
                0x0000000008004268                . = ALIGN (0x4)

.ARM.extab      0x0000000008004268        0x0
                0x0000000008004268                . = ALIGN (0x4)
 *(.ARM.extab* .gnu.linkonce.armextab.*)
                0x0000000008004268                . = ALIGN (0x4)

.ARM            0x0000000008004268        0x8
                0x0000000008004268                . = ALIGN (0x4)
                0x0000000008004268                __exidx_start = .
 *(.ARM.exidx*)
 .ARM.exidx     0x0000000008004268        0x8 C:/ST/STM32CubeIDE_1.14.0/STM32CubeIDE/plugins/com.st.stm32cube.ide.mcu.externaltools.gnu-tools-for-stm32.11.3.rel1.win32_1.1.100.202309141235/tools/bin/../lib/gcc/arm-none-eabi/11.3.1/thumb/v6-m/nofp\libgcc.a(_udivmoddi4.o)
                0x0000000008004270                __exidx_end = .
                0x0000000008004270                . = ALIGN (0x4)

.rel.dyn        0x0000000008004270        0x0
 .rel.iplt      0x0000000008004270        0x0 C:/ST/STM32CubeIDE_1.14.0/STM32CubeIDE/plugins/com.st.stm32cube.ide.mcu.externaltools.gnu-tools-for-stm32.11.3.rel1.win32_1.1.100.202309141235/tools/bin/../lib/gcc/arm-none-eabi/11.3.1/thumb/v6-m/nofp/crtbegin.o

.preinit_array  0x0000000008004270        0x0
                0x0000000008004270                . = ALIGN (0x4)
                0x0000000008004270                PROVIDE (__preinit_array_start = .)
 *(.preinit_array*)
                0x0000000008004270                PROVIDE (__preinit_array_end = .)
                0x0000000008004270                . = ALIGN (0x4)

.init_array     0x0000000008004270        0x4
                0x0000000008004270                . = ALIGN (0x4)
                0x0000000008004270                PROVIDE (__init_array_start = .)
 *(SORT_BY_NAME(.init_array.*))
 *(.init_array*)
 .init_array    0x0000000008004270        0x4 C:/ST/STM32CubeIDE_1.14.0/STM32CubeIDE/plugins/com.st.stm32cube.ide.mcu.externaltools.gnu-tools-for-stm32.11.3.rel1.win32_1.1.100.202309141235/tools/bin/../lib/gcc/arm-none-eabi/11.3.1/thumb/v6-m/nofp/crtbegin.o
                0x0000000008004274                PROVIDE (__init_array_end = .)
                0x0000000008004274                . = ALIGN (0x4)

.fini_array     0x0000000008004274        0x4
                0x0000000008004274                . = ALIGN (0x4)
                [!provide]                        PROVIDE (__fini_array_start = .)
 *(SORT_BY_NAME(.fini_array.*))
 *(.fini_array*)
 .fini_array    0x0000000008004274        0x4 C:/ST/STM32CubeIDE_1.14.0/STM32CubeIDE/plugins/com.st.stm32cube.ide.mcu.externaltools.gnu-tools-for-stm32.11.3.rel1.win32_1.1.100.202309141235/tools/bin/../lib/gcc/arm-none-eabi/11.3.1/thumb/v6-m/nofp/crtbegin.o
                [!provide]                        PROVIDE (__fini_array_end = .)
                0x0000000008004278                . = ALIGN (0x4)
                0x0000000008004278                _sidata = LOADADDR (.data)

.data           0x0000000020000000        0xc load address 0x0000000008004278
                0x0000000020000000                . = ALIGN (0x4)
                0x0000000020000000                _sdata = .
 *(.data)
 *(.data*)
 .data.SystemCoreClock
                0x0000000020000000        0x4 ./Core/Src/system_stm32l0xx.o
                0x0000000020000000                SystemCoreClock
 .data.uwTickPrio
                0x0000000020000004        0x4 ./Drivers/STM32L0xx_HAL_Driver/Src/stm32l0xx_hal.o
                0x0000000020000004                uwTickPrio
 .data.uwTickFreq
                0x0000000020000008        0x1 ./Drivers/STM32L0xx_HAL_Driver/Src/stm32l0xx_hal.o
                0x0000000020000008                uwTickFreq
 *(.RamFunc)
 *(.RamFunc*)
                0x000000002000000c                . = ALIGN (0x4)
 *fill*         0x0000000020000009        0x3 
                0x000000002000000c                _edata = .

.igot.plt       0x000000002000000c        0x0 load address 0x0000000008004284
 .igot.plt      0x000000002000000c        0x0 C:/ST/STM32CubeIDE_1.14.0/STM32CubeIDE/plugins/com.st.stm32cube.ide.mcu.externaltools.gnu-tools-for-stm32.11.3.rel1.win32_1.1.100.202309141235/tools/bin/../lib/gcc/arm-none-eabi/11.3.1/thumb/v6-m/nofp/crtbegin.o
                0x000000002000000c                . = ALIGN (0x4)

.bss            0x000000002000000c      0x304 load address 0x0000000008004284
                0x000000002000000c                _sbss = .
                0x000000002000000c                __bss_start__ = _sbss
 *(.bss)
 .bss           0x000000002000000c       0x1c C:/ST/STM32CubeIDE_1.14.0/STM32CubeIDE/plugins/com.st.stm32cube.ide.mcu.externaltools.gnu-tools-for-stm32.11.3.rel1.win32_1.1.100.202309141235/tools/bin/../lib/gcc/arm-none-eabi/11.3.1/thumb/v6-m/nofp/crtbegin.o
 *(.bss*)
 .bss.hadc      0x0000000020000028       0x5c ./Core/Src/adc.o
                0x0000000020000028                hadc
 .bss.hi2c1     0x0000000020000084       0x4c ./Core/Src/i2c.o
                0x0000000020000084                hi2c1
 .bss.hlptim1   0x00000000200000d0       0x30 ./Core/Src/lptim.o
                0x00000000200000d0                hlptim1
 .bss.v_ref     0x0000000020000100        0x2 ./Core/Src/main.o
                0x0000000020000100                v_ref
 *fill*         0x0000000020000102        0x2 
 .bss.uwTick    0x0000000020000104        0x4 ./Drivers/STM32L0xx_HAL_Driver/Src/stm32l0xx_hal.o
                0x0000000020000104                uwTick
 .bss.SSD1306_Buffer
                0x0000000020000108      0x200 ./ssd1306/ssd1306.o
 .bss.SSD1306   0x0000000020000308        0x6 ./ssd1306/ssd1306.o
 *(COMMON)
                0x0000000020000310                . = ALIGN (0x4)
 *fill*         0x000000002000030e        0x2 
                0x0000000020000310                _ebss = .
                0x0000000020000310                __bss_end__ = _ebss

._user_heap_stack
                0x0000000020000310      0x110 load address 0x0000000008004284
                0x0000000020000310                . = ALIGN (0x8)
                [!provide]                        PROVIDE (end = .)
                0x0000000020000310                PROVIDE (_end = .)
                0x0000000020000320                . = (. + _Min_Heap_Size)
 *fill*         0x0000000020000310       0x10 
                0x0000000020000420                . = (. + _Min_Stack_Size)
 *fill*         0x0000000020000320      0x100 
                0x0000000020000420                . = ALIGN (0x8)

/DISCARD/
 libc.a(*)
 libm.a(*)
 libgcc.a(*)

.ARM.attributes
                0x0000000000000000       0x28
 *(.ARM.attributes)
 .ARM.attributes
                0x0000000000000000       0x1e C:/ST/STM32CubeIDE_1.14.0/STM32CubeIDE/plugins/com.st.stm32cube.ide.mcu.externaltools.gnu-tools-for-stm32.11.3.rel1.win32_1.1.100.202309141235/tools/bin/../lib/gcc/arm-none-eabi/11.3.1/thumb/v6-m/nofp/crti.o
 .ARM.attributes
                0x000000000000001e       0x2c C:/ST/STM32CubeIDE_1.14.0/STM32CubeIDE/plugins/com.st.stm32cube.ide.mcu.externaltools.gnu-tools-for-stm32.11.3.rel1.win32_1.1.100.202309141235/tools/bin/../lib/gcc/arm-none-eabi/11.3.1/thumb/v6-m/nofp/crtbegin.o
 .ARM.attributes
                0x000000000000004a       0x2c ./Core/Src/adc.o
 .ARM.attributes
                0x0000000000000076       0x2c ./Core/Src/gpio.o
 .ARM.attributes
                0x00000000000000a2       0x2c ./Core/Src/i2c.o
 .ARM.attributes
                0x00000000000000ce       0x2c ./Core/Src/lptim.o
 .ARM.attributes
                0x00000000000000fa       0x2c ./Core/Src/main.o
 .ARM.attributes
                0x0000000000000126       0x2c ./Core/Src/stm32l0xx_hal_msp.o
 .ARM.attributes
                0x0000000000000152       0x2c ./Core/Src/stm32l0xx_it.o
 .ARM.attributes
                0x000000000000017e       0x2c ./Core/Src/system_stm32l0xx.o
 .ARM.attributes
                0x00000000000001aa       0x22 ./Core/Startup/startup_stm32l011d4px.o
 .ARM.attributes
                0x00000000000001cc       0x2c ./Drivers/STM32L0xx_HAL_Driver/Src/stm32l0xx_hal.o
 .ARM.attributes
                0x00000000000001f8       0x2c ./Drivers/STM32L0xx_HAL_Driver/Src/stm32l0xx_hal_adc.o
 .ARM.attributes
                0x0000000000000224       0x2c ./Drivers/STM32L0xx_HAL_Driver/Src/stm32l0xx_hal_cortex.o
 .ARM.attributes
                0x0000000000000250       0x2c ./Drivers/STM32L0xx_HAL_Driver/Src/stm32l0xx_hal_gpio.o
 .ARM.attributes
                0x000000000000027c       0x2c ./Drivers/STM32L0xx_HAL_Driver/Src/stm32l0xx_hal_i2c.o
 .ARM.attributes
                0x00000000000002a8       0x2c ./Drivers/STM32L0xx_HAL_Driver/Src/stm32l0xx_hal_i2c_ex.o
 .ARM.attributes
                0x00000000000002d4       0x2c ./Drivers/STM32L0xx_HAL_Driver/Src/stm32l0xx_hal_lptim.o
 .ARM.attributes
                0x0000000000000300       0x2c ./Drivers/STM32L0xx_HAL_Driver/Src/stm32l0xx_hal_rcc.o
 .ARM.attributes
                0x000000000000032c       0x2c ./Drivers/STM32L0xx_HAL_Driver/Src/stm32l0xx_hal_rcc_ex.o
 .ARM.attributes
                0x0000000000000358       0x2c ./ssd1306/ssd1306.o
 .ARM.attributes
                0x0000000000000384       0x2c C:/ST/STM32CubeIDE_1.14.0/STM32CubeIDE/plugins/com.st.stm32cube.ide.mcu.externaltools.gnu-tools-for-stm32.11.3.rel1.win32_1.1.100.202309141235/tools/bin/../lib/gcc/arm-none-eabi/11.3.1/../../../../arm-none-eabi/lib/thumb/v6-m/nofp\libc_nano.a(libc_a-memset.o)
 .ARM.attributes
                0x00000000000003b0       0x2c C:/ST/STM32CubeIDE_1.14.0/STM32CubeIDE/plugins/com.st.stm32cube.ide.mcu.externaltools.gnu-tools-for-stm32.11.3.rel1.win32_1.1.100.202309141235/tools/bin/../lib/gcc/arm-none-eabi/11.3.1/../../../../arm-none-eabi/lib/thumb/v6-m/nofp\libc_nano.a(libc_a-init.o)
 .ARM.attributes
                0x00000000000003dc       0x1e C:/ST/STM32CubeIDE_1.14.0/STM32CubeIDE/plugins/com.st.stm32cube.ide.mcu.externaltools.gnu-tools-for-stm32.11.3.rel1.win32_1.1.100.202309141235/tools/bin/../lib/gcc/arm-none-eabi/11.3.1/thumb/v6-m/nofp\libgcc.a(_udivsi3.o)
 .ARM.attributes
                0x00000000000003fa       0x1e C:/ST/STM32CubeIDE_1.14.0/STM32CubeIDE/plugins/com.st.stm32cube.ide.mcu.externaltools.gnu-tools-for-stm32.11.3.rel1.win32_1.1.100.202309141235/tools/bin/../lib/gcc/arm-none-eabi/11.3.1/thumb/v6-m/nofp\libgcc.a(_divsi3.o)
 .ARM.attributes
                0x0000000000000418       0x1e C:/ST/STM32CubeIDE_1.14.0/STM32CubeIDE/plugins/com.st.stm32cube.ide.mcu.externaltools.gnu-tools-for-stm32.11.3.rel1.win32_1.1.100.202309141235/tools/bin/../lib/gcc/arm-none-eabi/11.3.1/thumb/v6-m/nofp\libgcc.a(_dvmd_tls.o)
 .ARM.attributes
                0x0000000000000436       0x1e C:/ST/STM32CubeIDE_1.14.0/STM32CubeIDE/plugins/com.st.stm32cube.ide.mcu.externaltools.gnu-tools-for-stm32.11.3.rel1.win32_1.1.100.202309141235/tools/bin/../lib/gcc/arm-none-eabi/11.3.1/thumb/v6-m/nofp\libgcc.a(_aeabi_uldivmod.o)
 .ARM.attributes
                0x0000000000000454       0x2c C:/ST/STM32CubeIDE_1.14.0/STM32CubeIDE/plugins/com.st.stm32cube.ide.mcu.externaltools.gnu-tools-for-stm32.11.3.rel1.win32_1.1.100.202309141235/tools/bin/../lib/gcc/arm-none-eabi/11.3.1/thumb/v6-m/nofp\libgcc.a(_muldi3.o)
 .ARM.attributes
                0x0000000000000480       0x2c C:/ST/STM32CubeIDE_1.14.0/STM32CubeIDE/plugins/com.st.stm32cube.ide.mcu.externaltools.gnu-tools-for-stm32.11.3.rel1.win32_1.1.100.202309141235/tools/bin/../lib/gcc/arm-none-eabi/11.3.1/thumb/v6-m/nofp\libgcc.a(_udivmoddi4.o)
 .ARM.attributes
                0x00000000000004ac       0x1e C:/ST/STM32CubeIDE_1.14.0/STM32CubeIDE/plugins/com.st.stm32cube.ide.mcu.externaltools.gnu-tools-for-stm32.11.3.rel1.win32_1.1.100.202309141235/tools/bin/../lib/gcc/arm-none-eabi/11.3.1/thumb/v6-m/nofp\libgcc.a(_clzsi2.o)
 .ARM.attributes
                0x00000000000004ca       0x1e C:/ST/STM32CubeIDE_1.14.0/STM32CubeIDE/plugins/com.st.stm32cube.ide.mcu.externaltools.gnu-tools-for-stm32.11.3.rel1.win32_1.1.100.202309141235/tools/bin/../lib/gcc/arm-none-eabi/11.3.1/thumb/v6-m/nofp\libgcc.a(_clzdi2.o)
 .ARM.attributes
                0x00000000000004e8       0x1e C:/ST/STM32CubeIDE_1.14.0/STM32CubeIDE/plugins/com.st.stm32cube.ide.mcu.externaltools.gnu-tools-for-stm32.11.3.rel1.win32_1.1.100.202309141235/tools/bin/../lib/gcc/arm-none-eabi/11.3.1/thumb/v6-m/nofp/crtn.o
OUTPUT(temperature_in_car.elf elf32-littlearm)
LOAD linker stubs
LOAD C:/ST/STM32CubeIDE_1.14.0/STM32CubeIDE/plugins/com.st.stm32cube.ide.mcu.externaltools.gnu-tools-for-stm32.11.3.rel1.win32_1.1.100.202309141235/tools/bin/../lib/gcc/arm-none-eabi/11.3.1/../../../../arm-none-eabi/lib/thumb/v6-m/nofp\libc.a
LOAD C:/ST/STM32CubeIDE_1.14.0/STM32CubeIDE/plugins/com.st.stm32cube.ide.mcu.externaltools.gnu-tools-for-stm32.11.3.rel1.win32_1.1.100.202309141235/tools/bin/../lib/gcc/arm-none-eabi/11.3.1/../../../../arm-none-eabi/lib/thumb/v6-m/nofp\libm.a
LOAD C:/ST/STM32CubeIDE_1.14.0/STM32CubeIDE/plugins/com.st.stm32cube.ide.mcu.externaltools.gnu-tools-for-stm32.11.3.rel1.win32_1.1.100.202309141235/tools/bin/../lib/gcc/arm-none-eabi/11.3.1/thumb/v6-m/nofp\libgcc.a

.comment        0x0000000000000000       0x43
 .comment       0x0000000000000000       0x43 C:/ST/STM32CubeIDE_1.14.0/STM32CubeIDE/plugins/com.st.stm32cube.ide.mcu.externaltools.gnu-tools-for-stm32.11.3.rel1.win32_1.1.100.202309141235/tools/bin/../lib/gcc/arm-none-eabi/11.3.1/thumb/v6-m/nofp/crtbegin.o
                                         0x44 (size before relaxing)
 .comment       0x0000000000000043       0x44 ./Core/Src/adc.o
 .comment       0x0000000000000043       0x44 ./Core/Src/gpio.o
 .comment       0x0000000000000043       0x44 ./Core/Src/i2c.o
 .comment       0x0000000000000043       0x44 ./Core/Src/lptim.o
 .comment       0x0000000000000043       0x44 ./Core/Src/main.o
 .comment       0x0000000000000043       0x44 ./Core/Src/stm32l0xx_hal_msp.o
 .comment       0x0000000000000043       0x44 ./Core/Src/stm32l0xx_it.o
 .comment       0x0000000000000043       0x44 ./Core/Src/system_stm32l0xx.o
 .comment       0x0000000000000043       0x44 ./Drivers/STM32L0xx_HAL_Driver/Src/stm32l0xx_hal.o
 .comment       0x0000000000000043       0x44 ./Drivers/STM32L0xx_HAL_Driver/Src/stm32l0xx_hal_adc.o
 .comment       0x0000000000000043       0x44 ./Drivers/STM32L0xx_HAL_Driver/Src/stm32l0xx_hal_cortex.o
 .comment       0x0000000000000043       0x44 ./Drivers/STM32L0xx_HAL_Driver/Src/stm32l0xx_hal_gpio.o
 .comment       0x0000000000000043       0x44 ./Drivers/STM32L0xx_HAL_Driver/Src/stm32l0xx_hal_i2c.o
 .comment       0x0000000000000043       0x44 ./Drivers/STM32L0xx_HAL_Driver/Src/stm32l0xx_hal_i2c_ex.o
 .comment       0x0000000000000043       0x44 ./Drivers/STM32L0xx_HAL_Driver/Src/stm32l0xx_hal_lptim.o
 .comment       0x0000000000000043       0x44 ./Drivers/STM32L0xx_HAL_Driver/Src/stm32l0xx_hal_rcc.o
 .comment       0x0000000000000043       0x44 ./Drivers/STM32L0xx_HAL_Driver/Src/stm32l0xx_hal_rcc_ex.o
 .comment       0x0000000000000043       0x44 ./ssd1306/ssd1306.o

.debug_info     0x0000000000000000     0xaa2d
 .debug_info    0x0000000000000000      0x936 ./Core/Src/adc.o
 .debug_info    0x0000000000000936      0x1d4 ./Core/Src/gpio.o
 .debug_info    0x0000000000000b0a      0x8ff ./Core/Src/i2c.o
 .debug_info    0x0000000000001409      0x563 ./Core/Src/lptim.o
 .debug_info    0x000000000000196c     0x1094 ./Core/Src/main.o
 .debug_info    0x0000000000002a00      0x1ba ./Core/Src/stm32l0xx_hal_msp.o
 .debug_info    0x0000000000002bba      0x36b ./Core/Src/stm32l0xx_it.o
 .debug_info    0x0000000000002f25      0x2d0 ./Core/Src/system_stm32l0xx.o
 .debug_info    0x00000000000031f5       0x23 ./Core/Startup/startup_stm32l011d4px.o
 .debug_info    0x0000000000003218      0x812 ./Drivers/STM32L0xx_HAL_Driver/Src/stm32l0xx_hal.o
 .debug_info    0x0000000000003a2a      0xccc ./Drivers/STM32L0xx_HAL_Driver/Src/stm32l0xx_hal_adc.o
 .debug_info    0x00000000000046f6      0x672 ./Drivers/STM32L0xx_HAL_Driver/Src/stm32l0xx_hal_cortex.o
 .debug_info    0x0000000000004d68      0x624 ./Drivers/STM32L0xx_HAL_Driver/Src/stm32l0xx_hal_gpio.o
 .debug_info    0x000000000000538c     0x1f54 ./Drivers/STM32L0xx_HAL_Driver/Src/stm32l0xx_hal_i2c.o
 .debug_info    0x00000000000072e0      0x86a ./Drivers/STM32L0xx_HAL_Driver/Src/stm32l0xx_hal_i2c_ex.o
 .debug_info    0x0000000000007b4a      0xd13 ./Drivers/STM32L0xx_HAL_Driver/Src/stm32l0xx_hal_lptim.o
 .debug_info    0x000000000000885d      0x91b ./Drivers/STM32L0xx_HAL_Driver/Src/stm32l0xx_hal_rcc.o
 .debug_info    0x0000000000009178      0x46d ./Drivers/STM32L0xx_HAL_Driver/Src/stm32l0xx_hal_rcc_ex.o
 .debug_info    0x00000000000095e5     0x1448 ./ssd1306/ssd1306.o

.debug_abbrev   0x0000000000000000     0x2350
 .debug_abbrev  0x0000000000000000      0x1f2 ./Core/Src/adc.o
 .debug_abbrev  0x00000000000001f2       0xb9 ./Core/Src/gpio.o
 .debug_abbrev  0x00000000000002ab      0x20a ./Core/Src/i2c.o
 .debug_abbrev  0x00000000000004b5      0x190 ./Core/Src/lptim.o
 .debug_abbrev  0x0000000000000645      0x2e7 ./Core/Src/main.o
 .debug_abbrev  0x000000000000092c       0x9f ./Core/Src/stm32l0xx_hal_msp.o
 .debug_abbrev  0x00000000000009cb      0x148 ./Core/Src/stm32l0xx_it.o
 .debug_abbrev  0x0000000000000b13      0x11c ./Core/Src/system_stm32l0xx.o
 .debug_abbrev  0x0000000000000c2f       0x12 ./Core/Startup/startup_stm32l011d4px.o
 .debug_abbrev  0x0000000000000c41      0x2a4 ./Drivers/STM32L0xx_HAL_Driver/Src/stm32l0xx_hal.o
 .debug_abbrev  0x0000000000000ee5      0x241 ./Drivers/STM32L0xx_HAL_Driver/Src/stm32l0xx_hal_adc.o
 .debug_abbrev  0x0000000000001126      0x26f ./Drivers/STM32L0xx_HAL_Driver/Src/stm32l0xx_hal_cortex.o
 .debug_abbrev  0x0000000000001395      0x1ca ./Drivers/STM32L0xx_HAL_Driver/Src/stm32l0xx_hal_gpio.o
 .debug_abbrev  0x000000000000155f      0x268 ./Drivers/STM32L0xx_HAL_Driver/Src/stm32l0xx_hal_i2c.o
 .debug_abbrev  0x00000000000017c7      0x1b9 ./Drivers/STM32L0xx_HAL_Driver/Src/stm32l0xx_hal_i2c_ex.o
 .debug_abbrev  0x0000000000001980      0x21f ./Drivers/STM32L0xx_HAL_Driver/Src/stm32l0xx_hal_lptim.o
 .debug_abbrev  0x0000000000001b9f      0x262 ./Drivers/STM32L0xx_HAL_Driver/Src/stm32l0xx_hal_rcc.o
 .debug_abbrev  0x0000000000001e01      0x1d2 ./Drivers/STM32L0xx_HAL_Driver/Src/stm32l0xx_hal_rcc_ex.o
 .debug_abbrev  0x0000000000001fd3      0x37d ./ssd1306/ssd1306.o

.debug_aranges  0x0000000000000000      0xb00
 .debug_aranges
                0x0000000000000000       0x30 ./Core/Src/adc.o
 .debug_aranges
                0x0000000000000030       0x20 ./Core/Src/gpio.o
 .debug_aranges
                0x0000000000000050       0x30 ./Core/Src/i2c.o
 .debug_aranges
                0x0000000000000080       0x30 ./Core/Src/lptim.o
 .debug_aranges
                0x00000000000000b0       0x78 ./Core/Src/main.o
 .debug_aranges
                0x0000000000000128       0x20 ./Core/Src/stm32l0xx_hal_msp.o
 .debug_aranges
                0x0000000000000148       0x48 ./Core/Src/stm32l0xx_it.o
 .debug_aranges
                0x0000000000000190       0x28 ./Core/Src/system_stm32l0xx.o
 .debug_aranges
                0x00000000000001b8       0x28 ./Core/Startup/startup_stm32l011d4px.o
 .debug_aranges
                0x00000000000001e0      0x110 ./Drivers/STM32L0xx_HAL_Driver/Src/stm32l0xx_hal.o
 .debug_aranges
                0x00000000000002f0      0x100 ./Drivers/STM32L0xx_HAL_Driver/Src/stm32l0xx_hal_adc.o
 .debug_aranges
                0x00000000000003f0       0xc0 ./Drivers/STM32L0xx_HAL_Driver/Src/stm32l0xx_hal_cortex.o
 .debug_aranges
                0x00000000000004b0       0x58 ./Drivers/STM32L0xx_HAL_Driver/Src/stm32l0xx_hal_gpio.o
 .debug_aranges
                0x0000000000000508      0x290 ./Drivers/STM32L0xx_HAL_Driver/Src/stm32l0xx_hal_i2c.o
 .debug_aranges
                0x0000000000000798       0x48 ./Drivers/STM32L0xx_HAL_Driver/Src/stm32l0xx_hal_i2c_ex.o
 .debug_aranges
                0x00000000000007e0      0x168 ./Drivers/STM32L0xx_HAL_Driver/Src/stm32l0xx_hal_lptim.o
 .debug_aranges
                0x0000000000000948       0x68 ./Drivers/STM32L0xx_HAL_Driver/Src/stm32l0xx_hal_rcc.o
 .debug_aranges
                0x00000000000009b0       0x58 ./Drivers/STM32L0xx_HAL_Driver/Src/stm32l0xx_hal_rcc_ex.o
 .debug_aranges
                0x0000000000000a08       0xf8 ./ssd1306/ssd1306.o

.debug_rnglists
                0x0000000000000000      0x85d
 .debug_rnglists
                0x0000000000000000       0x20 ./Core/Src/adc.o
 .debug_rnglists
                0x0000000000000020       0x13 ./Core/Src/gpio.o
 .debug_rnglists
                0x0000000000000033       0x21 ./Core/Src/i2c.o
 .debug_rnglists
                0x0000000000000054       0x1f ./Core/Src/lptim.o
 .debug_rnglists
                0x0000000000000073       0x5a ./Core/Src/main.o
 .debug_rnglists
                0x00000000000000cd       0x13 ./Core/Src/stm32l0xx_hal_msp.o
 .debug_rnglists
                0x00000000000000e0       0x31 ./Core/Src/stm32l0xx_it.o
 .debug_rnglists
                0x0000000000000111       0x1a ./Core/Src/system_stm32l0xx.o
 .debug_rnglists
                0x000000000000012b       0x1a ./Core/Startup/startup_stm32l011d4px.o
 .debug_rnglists
                0x0000000000000145       0xc7 ./Drivers/STM32L0xx_HAL_Driver/Src/stm32l0xx_hal.o
 .debug_rnglists
                0x000000000000020c       0xcc ./Drivers/STM32L0xx_HAL_Driver/Src/stm32l0xx_hal_adc.o
 .debug_rnglists
                0x00000000000002d8       0x8c ./Drivers/STM32L0xx_HAL_Driver/Src/stm32l0xx_hal_cortex.o
 .debug_rnglists
                0x0000000000000364       0x3f ./Drivers/STM32L0xx_HAL_Driver/Src/stm32l0xx_hal_gpio.o
 .debug_rnglists
                0x00000000000003a3      0x218 ./Drivers/STM32L0xx_HAL_Driver/Src/stm32l0xx_hal_i2c.o
 .debug_rnglists
                0x00000000000005bb       0x35 ./Drivers/STM32L0xx_HAL_Driver/Src/stm32l0xx_hal_i2c_ex.o
 .debug_rnglists
                0x00000000000005f0      0x11b ./Drivers/STM32L0xx_HAL_Driver/Src/stm32l0xx_hal_lptim.o
 .debug_rnglists
                0x000000000000070b       0x4f ./Drivers/STM32L0xx_HAL_Driver/Src/stm32l0xx_hal_rcc.o
 .debug_rnglists
                0x000000000000075a       0x40 ./Drivers/STM32L0xx_HAL_Driver/Src/stm32l0xx_hal_rcc_ex.o
 .debug_rnglists
                0x000000000000079a       0xc3 ./ssd1306/ssd1306.o

.debug_macro    0x0000000000000000    0x111f5
 .debug_macro   0x0000000000000000      0x1ce ./Core/Src/adc.o
 .debug_macro   0x00000000000001ce      0xa7e ./Core/Src/adc.o
 .debug_macro   0x0000000000000c4c      0x125 ./Core/Src/adc.o
 .debug_macro   0x0000000000000d71       0x2e ./Core/Src/adc.o
 .debug_macro   0x0000000000000d9f       0x28 ./Core/Src/adc.o
 .debug_macro   0x0000000000000dc7       0x22 ./Core/Src/adc.o
 .debug_macro   0x0000000000000de9       0x8e ./Core/Src/adc.o
 .debug_macro   0x0000000000000e77       0x51 ./Core/Src/adc.o
 .debug_macro   0x0000000000000ec8      0x103 ./Core/Src/adc.o
 .debug_macro   0x0000000000000fcb       0x6a ./Core/Src/adc.o
 .debug_macro   0x0000000000001035      0x1df ./Core/Src/adc.o
 .debug_macro   0x0000000000001214       0x1c ./Core/Src/adc.o
 .debug_macro   0x0000000000001230       0x22 ./Core/Src/adc.o
 .debug_macro   0x0000000000001252       0xaf ./Core/Src/adc.o
 .debug_macro   0x0000000000001301      0x3ad ./Core/Src/adc.o
 .debug_macro   0x00000000000016ae     0x7ba3 ./Core/Src/adc.o
 .debug_macro   0x0000000000009251       0x66 ./Core/Src/adc.o
 .debug_macro   0x00000000000092b7     0x355c ./Core/Src/adc.o
 .debug_macro   0x000000000000c813      0x174 ./Core/Src/adc.o
 .debug_macro   0x000000000000c987       0x5b ./Core/Src/adc.o
 .debug_macro   0x000000000000c9e2      0x899 ./Core/Src/adc.o
 .debug_macro   0x000000000000d27b      0x42e ./Core/Src/adc.o
 .debug_macro   0x000000000000d6a9      0x182 ./Core/Src/adc.o
 .debug_macro   0x000000000000d82b      0x13f ./Core/Src/adc.o
 .debug_macro   0x000000000000d96a       0xf1 ./Core/Src/adc.o
 .debug_macro   0x000000000000da5b       0x82 ./Core/Src/adc.o
 .debug_macro   0x000000000000dadd      0x28e ./Core/Src/adc.o
 .debug_macro   0x000000000000dd6b       0x28 ./Core/Src/adc.o
 .debug_macro   0x000000000000dd93      0x4e1 ./Core/Src/adc.o
 .debug_macro   0x000000000000e274       0x65 ./Core/Src/adc.o
 .debug_macro   0x000000000000e2d9      0x129 ./Core/Src/adc.o
 .debug_macro   0x000000000000e402      0x244 ./Core/Src/adc.o
 .debug_macro   0x000000000000e646      0x22c ./Core/Src/adc.o
 .debug_macro   0x000000000000e872       0x5b ./Core/Src/adc.o
 .debug_macro   0x000000000000e8cd       0xa5 ./Core/Src/adc.o
 .debug_macro   0x000000000000e972      0x25c ./Core/Src/adc.o
 .debug_macro   0x000000000000ebce      0x187 ./Core/Src/adc.o
 .debug_macro   0x000000000000ed55       0x16 ./Core/Src/adc.o
 .debug_macro   0x000000000000ed6b      0x11c ./Core/Src/adc.o
 .debug_macro   0x000000000000ee87      0x1ce ./Core/Src/gpio.o
 .debug_macro   0x000000000000f055      0x1ce ./Core/Src/i2c.o
 .debug_macro   0x000000000000f223      0x1ce ./Core/Src/lptim.o
 .debug_macro   0x000000000000f3f1      0x250 ./Core/Src/main.o
 .debug_macro   0x000000000000f641       0x28 ./Core/Src/main.o
 .debug_macro   0x000000000000f669       0x4c ./Core/Src/main.o
 .debug_macro   0x000000000000f6b5      0x1c4 ./Core/Src/stm32l0xx_hal_msp.o
 .debug_macro   0x000000000000f879      0x1ce ./Core/Src/stm32l0xx_it.o
 .debug_macro   0x000000000000fa47      0x1ba ./Core/Src/system_stm32l0xx.o
 .debug_macro   0x000000000000fc01      0x1de ./Drivers/STM32L0xx_HAL_Driver/Src/stm32l0xx_hal.o
 .debug_macro   0x000000000000fddf      0x1c9 ./Drivers/STM32L0xx_HAL_Driver/Src/stm32l0xx_hal_adc.o
 .debug_macro   0x000000000000ffa8      0x1ba ./Drivers/STM32L0xx_HAL_Driver/Src/stm32l0xx_hal_cortex.o
 .debug_macro   0x0000000000010162      0x1c1 ./Drivers/STM32L0xx_HAL_Driver/Src/stm32l0xx_hal_gpio.o
 .debug_macro   0x0000000000010323      0x27f ./Drivers/STM32L0xx_HAL_Driver/Src/stm32l0xx_hal_i2c.o
 .debug_macro   0x00000000000105a2      0x1ba ./Drivers/STM32L0xx_HAL_Driver/Src/stm32l0xx_hal_i2c_ex.o
 .debug_macro   0x000000000001075c      0x1c2 ./Drivers/STM32L0xx_HAL_Driver/Src/stm32l0xx_hal_lptim.o
 .debug_macro   0x000000000001091e      0x1de ./Drivers/STM32L0xx_HAL_Driver/Src/stm32l0xx_hal_rcc.o
 .debug_macro   0x0000000000010afc      0x1ba ./Drivers/STM32L0xx_HAL_Driver/Src/stm32l0xx_hal_rcc_ex.o
 .debug_macro   0x0000000000010cb6      0x2e5 ./ssd1306/ssd1306.o
 .debug_macro   0x0000000000010f9b       0x28 ./ssd1306/ssd1306.o
 .debug_macro   0x0000000000010fc3       0x61 ./ssd1306/ssd1306.o
 .debug_macro   0x0000000000011024      0x19b ./ssd1306/ssd1306.o
 .debug_macro   0x00000000000111bf       0x16 ./ssd1306/ssd1306.o
 .debug_macro   0x00000000000111d5       0x20 ./ssd1306/ssd1306.o

.debug_line     0x0000000000000000     0xed6e
 .debug_line    0x0000000000000000      0x7f1 ./Core/Src/adc.o
 .debug_line    0x00000000000007f1      0x757 ./Core/Src/gpio.o
 .debug_line    0x0000000000000f48      0x7d8 ./Core/Src/i2c.o
 .debug_line    0x0000000000001720      0x7ae ./Core/Src/lptim.o
 .debug_line    0x0000000000001ece      0xad5 ./Core/Src/main.o
 .debug_line    0x00000000000029a3      0x75b ./Core/Src/stm32l0xx_hal_msp.o
 .debug_line    0x00000000000030fe      0x7d8 ./Core/Src/stm32l0xx_it.o
 .debug_line    0x00000000000038d6      0x80c ./Core/Src/system_stm32l0xx.o
 .debug_line    0x00000000000040e2       0x8d ./Core/Startup/startup_stm32l011d4px.o
 .debug_line    0x000000000000416f      0xaaf ./Drivers/STM32L0xx_HAL_Driver/Src/stm32l0xx_hal.o
 .debug_line    0x0000000000004c1e     0x11a1 ./Drivers/STM32L0xx_HAL_Driver/Src/stm32l0xx_hal_adc.o
 .debug_line    0x0000000000005dbf      0xa86 ./Drivers/STM32L0xx_HAL_Driver/Src/stm32l0xx_hal_cortex.o
 .debug_line    0x0000000000006845      0xb18 ./Drivers/STM32L0xx_HAL_Driver/Src/stm32l0xx_hal_gpio.o
 .debug_line    0x000000000000735d     0x3330 ./Drivers/STM32L0xx_HAL_Driver/Src/stm32l0xx_hal_i2c.o
 .debug_line    0x000000000000a68d      0x979 ./Drivers/STM32L0xx_HAL_Driver/Src/stm32l0xx_hal_i2c_ex.o
 .debug_line    0x000000000000b006     0x114a ./Drivers/STM32L0xx_HAL_Driver/Src/stm32l0xx_hal_lptim.o
 .debug_line    0x000000000000c150      0xe9a ./Drivers/STM32L0xx_HAL_Driver/Src/stm32l0xx_hal_rcc.o
 .debug_line    0x000000000000cfea      0xac7 ./Drivers/STM32L0xx_HAL_Driver/Src/stm32l0xx_hal_rcc_ex.o
 .debug_line    0x000000000000dab1     0x12bd ./ssd1306/ssd1306.o

.debug_str      0x0000000000000000    0x66ee9
 .debug_str     0x0000000000000000    0x60336 ./Core/Src/adc.o
                                      0x60696 (size before relaxing)
 .debug_str     0x0000000000060336       0x2c ./Core/Src/gpio.o
                                      0x60166 (size before relaxing)
 .debug_str     0x0000000000060362      0x2f0 ./Core/Src/i2c.o
                                      0x6074a (size before relaxing)
 .debug_str     0x0000000000060652      0x31f ./Core/Src/lptim.o
                                      0x6053a (size before relaxing)
 .debug_str     0x0000000000060971      0x621 ./Core/Src/main.o
                                      0x60e3f (size before relaxing)
 .debug_str     0x0000000000060f92       0x2c ./Core/Src/stm32l0xx_hal_msp.o
                                      0x6015f (size before relaxing)
 .debug_str     0x0000000000060fbe       0xa9 ./Core/Src/stm32l0xx_it.o
                                      0x60354 (size before relaxing)
 .debug_str     0x0000000000061067       0x99 ./Core/Src/system_stm32l0xx.o
                                      0x601d4 (size before relaxing)
 .debug_str     0x0000000000061100       0x34 ./Core/Startup/startup_stm32l011d4px.o
                                         0x5d (size before relaxing)
 .debug_str     0x0000000000061134      0x46d ./Drivers/STM32L0xx_HAL_Driver/Src/stm32l0xx_hal.o
                                      0x60869 (size before relaxing)
 .debug_str     0x00000000000615a1      0x30d ./Drivers/STM32L0xx_HAL_Driver/Src/stm32l0xx_hal_adc.o
                                      0x608b0 (size before relaxing)
 .debug_str     0x00000000000618ae      0x188 ./Drivers/STM32L0xx_HAL_Driver/Src/stm32l0xx_hal_cortex.o
                                      0x604be (size before relaxing)
 .debug_str     0x0000000000061a36      0x135 ./Drivers/STM32L0xx_HAL_Driver/Src/stm32l0xx_hal_gpio.o
                                      0x60374 (size before relaxing)
 .debug_str     0x0000000000061b6b      0xd1a ./Drivers/STM32L0xx_HAL_Driver/Src/stm32l0xx_hal_i2c.o
                                      0x61448 (size before relaxing)
 .debug_str     0x0000000000062885       0xb8 ./Drivers/STM32L0xx_HAL_Driver/Src/stm32l0xx_hal_i2c_ex.o
                                      0x6074c (size before relaxing)
 .debug_str     0x000000000006293d      0x45d ./Drivers/STM32L0xx_HAL_Driver/Src/stm32l0xx_hal_lptim.o
                                      0x6081c (size before relaxing)
 .debug_str     0x0000000000062d9a      0x21f ./Drivers/STM32L0xx_HAL_Driver/Src/stm32l0xx_hal_rcc.o
                                      0x6063f (size before relaxing)
 .debug_str     0x0000000000062fb9      0x120 ./Drivers/STM32L0xx_HAL_Driver/Src/stm32l0xx_hal_rcc_ex.o
                                      0x603d8 (size before relaxing)
 .debug_str     0x00000000000630d9     0x3e10 ./ssd1306/ssd1306.o
                                      0x64659 (size before relaxing)

.debug_frame    0x0000000000000000     0x2680
 .debug_frame   0x0000000000000000       0x70 ./Core/Src/adc.o
 .debug_frame   0x0000000000000070       0x30 ./Core/Src/gpio.o
 .debug_frame   0x00000000000000a0       0x6c ./Core/Src/i2c.o
 .debug_frame   0x000000000000010c       0x6c ./Core/Src/lptim.o
 .debug_frame   0x0000000000000178      0x194 ./Core/Src/main.o
 .debug_frame   0x000000000000030c       0x2c ./Core/Src/stm32l0xx_hal_msp.o
 .debug_frame   0x0000000000000338       0xb8 ./Core/Src/stm32l0xx_it.o
 .debug_frame   0x00000000000003f0       0x4c ./Core/Src/system_stm32l0xx.o
 .debug_frame   0x000000000000043c      0x394 ./Drivers/STM32L0xx_HAL_Driver/Src/stm32l0xx_hal.o
 .debug_frame   0x00000000000007d0      0x3c0 ./Drivers/STM32L0xx_HAL_Driver/Src/stm32l0xx_hal_adc.o
 .debug_frame   0x0000000000000b90      0x2a0 ./Drivers/STM32L0xx_HAL_Driver/Src/stm32l0xx_hal_cortex.o
 .debug_frame   0x0000000000000e30      0x110 ./Drivers/STM32L0xx_HAL_Driver/Src/stm32l0xx_hal_gpio.o
 .debug_frame   0x0000000000000f40      0xa24 ./Drivers/STM32L0xx_HAL_Driver/Src/stm32l0xx_hal_i2c.o
 .debug_frame   0x0000000000001964       0xd0 ./Drivers/STM32L0xx_HAL_Driver/Src/stm32l0xx_hal_i2c_ex.o
 .debug_frame   0x0000000000001a34      0x550 ./Drivers/STM32L0xx_HAL_Driver/Src/stm32l0xx_hal_lptim.o
 .debug_frame   0x0000000000001f84      0x154 ./Drivers/STM32L0xx_HAL_Driver/Src/stm32l0xx_hal_rcc.o
 .debug_frame   0x00000000000020d8       0xfc ./Drivers/STM32L0xx_HAL_Driver/Src/stm32l0xx_hal_rcc_ex.o
 .debug_frame   0x00000000000021d4      0x3b0 ./ssd1306/ssd1306.o
 .debug_frame   0x0000000000002584       0x20 C:/ST/STM32CubeIDE_1.14.0/STM32CubeIDE/plugins/com.st.stm32cube.ide.mcu.externaltools.gnu-tools-for-stm32.11.3.rel1.win32_1.1.100.202309141235/tools/bin/../lib/gcc/arm-none-eabi/11.3.1/../../../../arm-none-eabi/lib/thumb/v6-m/nofp\libc_nano.a(libc_a-memset.o)
 .debug_frame   0x00000000000025a4       0x2c C:/ST/STM32CubeIDE_1.14.0/STM32CubeIDE/plugins/com.st.stm32cube.ide.mcu.externaltools.gnu-tools-for-stm32.11.3.rel1.win32_1.1.100.202309141235/tools/bin/../lib/gcc/arm-none-eabi/11.3.1/../../../../arm-none-eabi/lib/thumb/v6-m/nofp\libc_nano.a(libc_a-init.o)
 .debug_frame   0x00000000000025d0       0x20 C:/ST/STM32CubeIDE_1.14.0/STM32CubeIDE/plugins/com.st.stm32cube.ide.mcu.externaltools.gnu-tools-for-stm32.11.3.rel1.win32_1.1.100.202309141235/tools/bin/../lib/gcc/arm-none-eabi/11.3.1/thumb/v6-m/nofp\libgcc.a(_udivsi3.o)
 .debug_frame   0x00000000000025f0       0x20 C:/ST/STM32CubeIDE_1.14.0/STM32CubeIDE/plugins/com.st.stm32cube.ide.mcu.externaltools.gnu-tools-for-stm32.11.3.rel1.win32_1.1.100.202309141235/tools/bin/../lib/gcc/arm-none-eabi/11.3.1/thumb/v6-m/nofp\libgcc.a(_divsi3.o)
 .debug_frame   0x0000000000002610       0x34 C:/ST/STM32CubeIDE_1.14.0/STM32CubeIDE/plugins/com.st.stm32cube.ide.mcu.externaltools.gnu-tools-for-stm32.11.3.rel1.win32_1.1.100.202309141235/tools/bin/../lib/gcc/arm-none-eabi/11.3.1/thumb/v6-m/nofp\libgcc.a(_muldi3.o)
 .debug_frame   0x0000000000002644       0x3c C:/ST/STM32CubeIDE_1.14.0/STM32CubeIDE/plugins/com.st.stm32cube.ide.mcu.externaltools.gnu-tools-for-stm32.11.3.rel1.win32_1.1.100.202309141235/tools/bin/../lib/gcc/arm-none-eabi/11.3.1/thumb/v6-m/nofp\libgcc.a(_udivmoddi4.o)

.debug_line_str
                0x0000000000000000       0x51
 .debug_line_str
                0x0000000000000000       0x51 ./Core/Startup/startup_stm32l011d4px.o
                                         0x69 (size before relaxing)
